# use top on docker machine without going through vbox manager
# i.e., fix 'xterm-256colorâ€™: unknown terminal type error*
* error encountered on osx, though applies to other os as well

- confirm TERM variable settings
$ echo $TERM

- execute following in session, or add to bash profile
$ export TERM='xterm'

- ssh into the docker-machine and execute top
$ docker-machine ssh


# fix annoying docker daemon issue on osx (only works in certain situations...detail to follow...)
* place into bash profile to load default machine on login 

$ eval "$(docker-machine env default)"

# **possible** workaround fix for 'error checking tls connection...' issue
# this method does not require destroying and re-creation of default machine
# yet to confirm whether this will resolve particularly finicky host-only issues

- simply create a new docker machine, then re-eval default machine

$ docker-machine create --driver virtualbox d8
$ eval "$(docker-machine env default)"

# list running machines (i.e., those that show up in vBox)

$ docker-machine ls

# kill running machines (default is killed if not otherwise specified) 

$ docker-machine kill [nameOfMachine]

# log in to bash on docker machine

sara@felix:~/repos/or-agriculture (sara)$ docker run -it [imageName] bash

# launch stuff in detached mode (launch then be dumped back into local shell)

sara@felix:~/repos/or-agriculture/api (sara3)$ docker-compose up -d

# view docker machines

sara@felix:~ $ docker-machine ls
NAME      ACTIVE   DRIVER       STATE     URL                         SWARM   DOCKER    ERRORS
d2        -        virtualbox   Running   tcp://xxxxx           v1.10.3
default   *        virtualbox   Running   tcp://xxxxx          v1.10.3
