# fix annoying docker daemon issue on osx
* place into bash profile to load default machine on login 

$ eval "$(docker-machine env default)"

# list running machines (i.e., those that show up in vBox)

$ docker-machine ls

# kill running machines (default is killed if not otherwise specified) 

$ docker-machine kill [nameOfMachine]

# log in to bash on docker machine

sara@felix:~/repos/or-agriculture (sara)$ docker run -it [imageName] bash

# launch stuff in detached mode (launch then be dumped back into local shell)

sara@felix:~/repos/or-agriculture/api (sara3)$ docker-compose up -d

# view docker machines

sara@felix:~ $ docker-machine ls
NAME      ACTIVE   DRIVER       STATE     URL                         SWARM   DOCKER    ERRORS
d2        -        virtualbox   Running   tcp://xxxxx           v1.10.3
default   *        virtualbox   Running   tcp://xxxxx          v1.10.3
